env: load .env
env: export EXPO_PUBLIC_API_MODE
Starting Metro Bundler
Web node_modules\expo-router\entry.js ÔûôÔûôÔûæÔûæÔûæÔûæÔûæÔûæÔûæÔûæÔûæÔûæÔûæÔûæÔûæÔûæ 16.0% (4/7)
Web node_modules\expo-router\entry.js ÔûôÔûôÔûôÔûôÔûôÔûôÔûôÔûôÔûôÔûæÔûæÔûæÔûæÔûæÔûæÔûæ 56.3% (121/300)
Web node_modules\expo-router\entry.js ÔûôÔûôÔûôÔûôÔûôÔûôÔûôÔûôÔûôÔûæÔûæÔûæÔûæÔûæÔûæÔûæ 56.3% (387/552)
Web node_modules\expo-router\entry.js ÔûôÔûôÔûôÔûôÔûôÔûôÔûôÔûôÔûôÔûôÔûôÔûôÔûæÔûæÔûæÔûæ 80.4% (644/718)
Web node_modules\expo-router\entry.js ÔûôÔûôÔûôÔûôÔûôÔûôÔûôÔûôÔûôÔûôÔûôÔûôÔûôÔûæÔûæÔûæ 83.4% (1174/2508)
Web node_modules\expo-router\entry.js ÔûôÔûôÔûôÔûôÔûôÔûôÔûôÔûôÔûôÔûôÔûôÔûôÔûôÔûæÔûæÔûæ 83.4% (2191/2508)
Web Bundled 23323ms node_modules\expo-router\entry.js (2583 modules)

ÔÇ║ Assets (19):
assets\images\branding\Sonic-Labs-logo.614e454818830645215aed9499e350a4.png (29.6 kB)
node_modules\@react-navigation\elements\lib\module\assets\back-icon-mask.0a328cd9c1afd0afe8e3b1ec5165b1b4.png (653 B)
node_modules\@react-navigation\elements\lib\module\assets\back-icon.35ba0eaec5a4f5ed12ca16fabeae451d.png (207 B)
node_modules\@react-navigation\elements\lib\module\assets\clear-icon.c94f6478e7ae0cdd9f15de1fcb9e5e55.png (4 variations | 425 B)
node_modules\@react-navigation\elements\lib\module\assets\close-icon.808e1b1b9b53114ec2838071a7e6daa7.png (4 variations | 235 B)
node_modules\@react-navigation\elements\lib\module\assets\search-icon.286d67d3f74808a60a78d3ebf1a5fb57.png (928 B)
node_modules\expo-router\assets\arrow_down.017bc6ba3fc25503e5eb5e53826d48a8.png (9.46 kB)
node_modules\expo-router\assets\error.d1ea1496f9057eb392d5bbf3732a61b7.png (469 B)
node_modules\expo-router\assets\file.19eeb73b9593a38f8e9f418337fc7d10.png (138 B)
node_modules\expo-router\assets\forward.d8b800c443b8972542883e0b9de2bdc6.png (188 B)
node_modules\expo-router\assets\pkg.ab19f4cbc543357183a20571f68380a3.png (364 B)
node_modules\expo-router\assets\sitemap.412dd9275b6b48ad28f5e3d81bb1f626.png (465 B)
node_modules\expo-router\assets\unmatched.20e71bdf79e3a97bf55fd9e164041578.png (4.75 kB)

ÔÇ║ web bundles (2):
_expo/static/js/web/entry-84f4c3fda2d87b4baeeb82d29de8afb0.js (3.28 MB)
_expo/static/js/web/SecureStore-34666ac6b5c03393a614a80cb3dbe4f7.js (3.16 kB)

ÔÇ║ Files (3):
favicon.ico (14.5 kB)
index.html (1.22 kB)
metadata.json (49 B)

Exported: dist
